DEBUG:root:25
DEBUG:root:-5
DEBUG:root:150
DEBUG:root:0.6666666666666666
DEBUG:root:30
DEBUG:root:10
DEBUG:root:200
DEBUG:root:2.0
2023-02-24 14:04:20,411:DEBUG:30
2023-02-24 14:04:20,412:DEBUG:10
2023-02-24 14:04:20,412:DEBUG:200
2023-02-24 14:04:20,412:DEBUG:2.0
